../Core/Src/main.c:94:5:main	40	static
../Core/Src/main.c:167:6:SystemClock_Config	88	static
../Core/Src/main.c:214:13:MX_TIM1_Init	80	static
../Core/Src/main.c:283:13:MX_TIM3_Init	56	static
../Core/Src/main.c:332:13:MX_TIM5_Init	32	static
../Core/Src/main.c:377:13:MX_USART2_UART_Init	8	static
../Core/Src/main.c:410:13:MX_GPIO_Init	48	static
../Core/Src/main.c:439:6:HAL_TIM_PeriodElapsedCallback	16	static
../Core/Src/main.c:451:6:PIDController	8	static
../Core/Src/main.c:480:6:Error_Handler	4	static,ignoring_inline_asm
