../Core/Src/main.c:97:5:main	24	static
../Core/Src/main.c:166:6:SystemClock_Config	88	static
../Core/Src/main.c:213:13:MX_TIM1_Init	80	static
../Core/Src/main.c:282:13:MX_TIM3_Init	56	static
../Core/Src/main.c:331:13:MX_TIM5_Init	32	static
../Core/Src/main.c:376:13:MX_USART2_UART_Init	8	static
../Core/Src/main.c:409:13:MX_GPIO_Init	48	static
../Core/Src/main.c:438:6:HAL_TIM_PeriodElapsedCallback	24	static
../Core/Src/main.c:453:10:micros	12	static
../Core/Src/main.c:457:6:PIDController	8	static
../Core/Src/main.c:486:6:Error_Handler	4	static,ignoring_inline_asm
